---
source: euphony-dsp/src/osc/noise.rs
assertion_line: 107
expression: node
---
Node {
    name: "Brown",
    module: [
        "osc",
        "noise",
    ],
    impl_path: "euphony_dsp::osc::noise",
    id: 113,
    inputs: [
        Input {
            name: "seed",
            id: 0,
            trigger: true,
            default: 0.0,
        },
    ],
    buffers: [],
    docs: " Brown noise generator.\n",
}
