---
source: euphony-sc-core/src/osc.rs
expression: msg
---
Ok(
    Message(
        OscMessage {
            addr: "/n_free",
            args: [
                Int(
                    2,
                ),
            ],
        },
    ),
)
