---
source: src/osc.rs
expression: msg
---
Ok(
    Message(
        OscMessage {
            addr: "/sync",
            args: [],
        },
    ),
)
