---
source: euphony-sc-core/src/osc.rs
expression: msg
---
Ok(
    Message(
        OscMessage {
            addr: "/clearSched",
            args: [],
        },
    ),
)
