---
source: src/osc.rs
expression: msg
---
Ok(
    Message(
        OscMessage {
            addr: "/b_allocReadChannel",
            args: [
                Int(
                    1,
                ),
                String(
                    "path/to/buffer",
                ),
                Int(
                    123,
                ),
                Int(
                    456,
                ),
                Int(
                    1,
                ),
                Int(
                    2,
                ),
                Int(
                    3,
                ),
                Int(
                    4,
                ),
                Int(
                    5,
                ),
            ],
        },
    ),
)
