---
source: euphony-sc-core/src/osc.rs
expression: msg
---
Ok(
    Message(
        OscMessage {
            addr: "/d_loadDir",
            args: [
                String(
                    "path/to/dir",
                ),
            ],
        },
    ),
)
