---
source: src/osc.rs
expression: msg
---
Ok(
    Message(
        OscMessage {
            addr: "/d_recv",
            args: [
                Blob(
                    [
                        1,
                    ],
                ),
            ],
        },
    ),
)
