---
source: euphony-dsp/src/osc.rs
expression: node
---
Node {
    name: "Silence",
    module: [
        "osc",
    ],
    impl_path: "euphony_dsp::osc",
    id: 106,
    inputs: [],
    buffers: [],
    docs: "",
    fork: None,
}
