---
source: euphony-dsp/src/unary.rs
assertion_line: 75
expression: node
---
Node {
    name: "Cbrt",
    module: [
        "unary",
    ],
    impl_path: "euphony_dsp::unary",
    id: 8,
    inputs: [
        Input {
            name: "input",
            id: 0,
            trigger: false,
            default: 0.0,
        },
    ],
    buffers: [],
    docs: " Returns the cube root of a number.\n",
}
