---
source: euphony/src/tests.rs
expression: dump
---
  SPN 0,0
  SET 0,0,0
  SPN 1,1
  SET 1,0,0
ADV 1024
  FIN 1
  SPN 2,1
  SET 2,1,0.25
ADV 1024
  FIN 0
  SPN 3,0
  SET 3,1,0.5
  FIN 2
  SPN 4,1
  SET 4,2,0.5
ADV 1024
  FIN 4
  SPN 5,1
  SET 5,0,0.75
ADV 1024
  FIN 3
  SPN 6,0
  SET 6,2,1
  FIN 5
  SPN 7,1
  SET 7,1,1
ADV 1024
  FIN 7
  SPN 8,1
  SET 8,2,1.25
ADV 1024
  FIN 6
  SPN 9,0
  SET 9,0,1.5
  FIN 8
  SPN 10,1
  SET 10,0,1.5
ADV 1024
  FIN 10
  SPN 11,1
  SET 11,1,1.75
ADV 1024
  FIN 9
  SPN 12,0
  SET 12,1,2
  FIN 11
  SPN 13,1
  SET 13,2,2
ADV 1024
  FIN 13
  SPN 14,1
  SET 14,0,2.25
ADV 1024
  FIN 12
  SPN 15,0
  SET 15,2,2.5
  FIN 14
ADV 2048
  FIN 15
  SPN 16,0
  SET 16,0,3
ADV 2048
  FIN 16
  SPN 17,0
  SET 17,1,3.5
ADV 2048
  FIN 17
  SPN 18,0
  SET 18,2,4
ADV 2048
  FIN 18
  SPN 19,0
  SET 19,0,4.5
ADV 2048
  FIN 19

